app/clients/[id]/client-detail-view.tsx(94,23): error TS2339: Property 'assigned' does not exist on type '{ assigned_to: string | null; billing_address: string | null; created_at: string | null; created_by: string | null; description: string | null; display_name: string | null; id: string; ... 8 more ...; workspace_id: string | null; }'.
app/clients/[id]/client-detail-view.tsx(97,57): error TS2339: Property 'assigned' does not exist on type '{ assigned_to: string | null; billing_address: string | null; created_at: string | null; created_by: string | null; description: string | null; display_name: string | null; id: string; ... 8 more ...; workspace_id: string | null; }'.
app/clients/[id]/client-detail-view.tsx(100,64): error TS2339: Property 'assigned' does not exist on type '{ assigned_to: string | null; billing_address: string | null; created_at: string | null; created_by: string | null; description: string | null; display_name: string | null; id: string; ... 8 more ...; workspace_id: string | null; }'.
app/clients/[id]/client-detail-view.tsx(101,29): error TS2339: Property 'assigned' does not exist on type '{ assigned_to: string | null; billing_address: string | null; created_at: string | null; created_by: string | null; description: string | null; display_name: string | null; id: string; ... 8 more ...; workspace_id: string | null; }'.
app/clients/[id]/client-detail-view.tsx(102,76): error TS2339: Property 'assigned' does not exist on type '{ assigned_to: string | null; billing_address: string | null; created_at: string | null; created_by: string | null; description: string | null; display_name: string | null; id: string; ... 8 more ...; workspace_id: string | null; }'.
app/clients/[id]/client-detail-view.tsx(109,23): error TS2339: Property 'projects' does not exist on type '{ assigned_to: string | null; billing_address: string | null; created_at: string | null; created_by: string | null; description: string | null; display_name: string | null; id: string; ... 8 more ...; workspace_id: string | null; }'.
app/clients/[id]/client-detail-view.tsx(109,42): error TS2339: Property 'projects' does not exist on type '{ assigned_to: string | null; billing_address: string | null; created_at: string | null; created_by: string | null; description: string | null; display_name: string | null; id: string; ... 8 more ...; workspace_id: string | null; }'.
app/clients/[id]/client-detail-view.tsx(113,29): error TS2339: Property 'projects' does not exist on type '{ assigned_to: string | null; billing_address: string | null; created_at: string | null; created_by: string | null; description: string | null; display_name: string | null; id: string; ... 8 more ...; workspace_id: string | null; }'.
app/clients/[id]/client-detail-view.tsx(113,61): error TS2339: Property 'projects' does not exist on type '{ assigned_to: string | null; billing_address: string | null; created_at: string | null; created_by: string | null; description: string | null; display_name: string | null; id: string; ... 8 more ...; workspace_id: string | null; }'.
app/clients/[id]/client-detail-view.tsx(123,42): error TS2769: No overload matches this call.
  Overload 1 of 4, '(value: string | number | Date): Date', gave the following error.
    Argument of type 'string | null' is not assignable to parameter of type 'string | number | Date'.
      Type 'null' is not assignable to type 'string | number | Date'.
  Overload 2 of 4, '(value: string | number): Date', gave the following error.
    Argument of type 'string | null' is not assignable to parameter of type 'string | number'.
      Type 'null' is not assignable to type 'string | number'.
app/clients/[id]/client-detail-view.tsx(145,17): error TS2339: Property 'projects' does not exist on type '{ assigned_to: string | null; billing_address: string | null; created_at: string | null; created_by: string | null; description: string | null; display_name: string | null; id: string; ... 8 more ...; workspace_id: string | null; }'.
app/clients/[id]/client-detail-view.tsx(145,36): error TS2339: Property 'projects' does not exist on type '{ assigned_to: string | null; billing_address: string | null; created_at: string | null; created_by: string | null; description: string | null; display_name: string | null; id: string; ... 8 more ...; workspace_id: string | null; }'.
app/clients/[id]/client-detail-view.tsx(148,64): error TS2339: Property 'projects' does not exist on type '{ assigned_to: string | null; billing_address: string | null; created_at: string | null; created_by: string | null; description: string | null; display_name: string | null; id: string; ... 8 more ...; workspace_id: string | null; }'.
app/clients/[id]/client-detail-view.tsx(152,25): error TS2339: Property 'projects' does not exist on type '{ assigned_to: string | null; billing_address: string | null; created_at: string | null; created_by: string | null; description: string | null; display_name: string | null; id: string; ... 8 more ...; workspace_id: string | null; }'.
app/clients/[id]/client-detail-view.tsx(152,39): error TS7006: Parameter 'project' implicitly has an 'any' type.
